Validation failed

error-7106: Invalid KTXcubemapIncomplete metadata. The size of the value must be 1 byte.
    The size of the KTXcubemapIncomplete value is 0 byte(s) but it must be 1 byte.
