{"$schema":"https://schema.khronos.org/ktx/validate_v0.json","valid":false,"messages":[{"id":3020,"type":"error","message":"Missing Data Format Descriptor.","details":"Data Format Descriptor is mandatory but dfdByteOffset is 104 and dfdByteLength is 0."}]}