ktx transcode fatal: Invalid transcode target: "uastc". See 'ktx transcode --help'.
