Validation failed

error-6026: Invalid sample count in basic DFD block. The sample count must match the expected sample count of the texture.
    DFD block #1 sample count in basic DFD block is 0 but for UASTC textures it must be 1.
