Validation failed

error-7109: Invalid KTXorientation value. The value must match /^[rl]$/ for 1D, /^[rl][du]$/ for 2D and /^[rl][du][oi]$/ for 3D texture types.
    Dimension 0 is "x" but it must be either "r" or "l".
error-7109: Invalid KTXorientation value. The value must match /^[rl]$/ for 1D, /^[rl][du]$/ for 2D and /^[rl][du][oi]$/ for 3D texture types.
    Dimension 1 is "x" but it must be either "d" or "u".
error-7109: Invalid KTXorientation value. The value must match /^[rl]$/ for 1D, /^[rl][du]$/ for 2D and /^[rl][du][oi]$/ for 3D texture types.
    Dimension 2 is "x" but it must be either "o" or "i".
warning-5004: Non-conformant texture file accepted by libktx.
    KTX 2.0 file does not conform to the specification but it is currently accepted by libktx.

Header

identifier: «KTX 20»\r\n\x1A\n
vkFormat: VK_FORMAT_R8G8B8A8_UNORM
typeSize: 1
pixelWidth: 16
pixelHeight: 16
pixelDepth: 16
layerCount: 0
faceCount: 1
levelCount: 1
supercompressionScheme: KTX_SS_NONE
dataFormatDescriptor.byteOffset: 0x68
dataFormatDescriptor.byteLength: 92
keyValueData.byteOffset: 0xc4
keyValueData.byteLength: 68
supercompressionGlobalData.byteOffset: 0
supercompressionGlobalData.byteLength: 0

Level Index

Level0.byteOffset: 0x108
Level0.byteLength: 16384
Level0.uncompressedByteLength: 16384

Data Format Descriptor

DFD total bytes: 92
Vendor ID: KHR_DF_VENDORID_KHRONOS
Descriptor type: KHR_DF_KHR_DESCRIPTORTYPE_BASICFORMAT
Version: KHR_DF_VERSIONNUMBER_1_3
Descriptor block size: 88
Flags: 0x0 (KHR_DF_FLAG_ALPHA_STRAIGHT)
Transfer: KHR_DF_TRANSFER_LINEAR
Primaries: KHR_DF_PRIMARIES_BT709
Model: KHR_DF_MODEL_RGBSDA
Dimensions: 1, 1, 1, 1
Plane bytes: 4, 0, 0, 0, 0, 0, 0, 0
Sample 0:
    Qualifiers: 0x0 ()
    Channel Type: 0x0 (KHR_DF_CHANNEL_RGBSDA_RED)
    Length: 8 bits Offset: 0
    Position: 0, 0, 0, 0
    Lower: 0x00000000
    Upper: 0x000000ff
Sample 1:
    Qualifiers: 0x0 ()
    Channel Type: 0x1 (KHR_DF_CHANNEL_RGBSDA_GREEN)
    Length: 8 bits Offset: 8
    Position: 0, 0, 0, 0
    Lower: 0x00000000
    Upper: 0x000000ff
Sample 2:
    Qualifiers: 0x0 ()
    Channel Type: 0x2 (KHR_DF_CHANNEL_RGBSDA_BLUE)
    Length: 8 bits Offset: 16
    Position: 0, 0, 0, 0
    Lower: 0x00000000
    Upper: 0x000000ff
Sample 3:
    Qualifiers: 0x0 ()
    Channel Type: 0xF (KHR_DF_CHANNEL_RGBSDA_ALPHA)
    Length: 8 bits Offset: 24
    Position: 0, 0, 0, 0
    Lower: 0x00000000
    Upper: 0x000000ff

Key/Value Data

KTXorientation: xxx
KTXwriter: Unidentified app / libktx 
