Validation failed

error-3024: Invalid sgdByteOffset.
    sgdByteOffset is 248 but the Supercompression Global Data must immediately follow (with 8 byte alignment) the preceding block so it must be 240.
error-7112: Invalid KTXglFormatInvalidValue value. glFormat and glType must be zero for compressed formats.
    glFormat is 2 and glType is 3 but for compressed formats with KTX_SS_BASIS_LZ both must be zero.
warning-5004: Non-conformant texture file accepted by libktx.
    KTX 2.0 file does not conform to the specification but it is currently accepted by libktx.
