Validation failed

error-6016: Invalid colorModel in basic DFD block for block compressed VkFormat.
    DFD block #1 colorModel in basic DFD block is KHR_DF_MODEL_RGBSDA but for VkFormat VK_FORMAT_ASTC_5x4_SFLOAT_BLOCK_EXT it must be KHR_DF_MODEL_ASTC.
