error-3017: Invalid levelCount. levelCount cannot be 0 for block-compressed formats.
    levelCount is 0 but for block-compressed format VK_FORMAT_ASTC_5x4_SFLOAT_BLOCK_EXT it cannot be 0.
