ktx extract fatal: Could not open input file "input/ktx2/missing_file.ktx2": `.+`
