ktx create fatal: Invalid encode codec: "zlib". See 'ktx create --help'.
