{
    "$schema": "https://schema.khronos.org/ktx/compare_v0.json",
    "valid": [
        false,
        true
    ],
    "messages": [
        [
            {
                "id": 8108,
                "type": "error",
                "message": "Invalid alphaSliceByteOffset or alphaSliceByteLength. The defined byte region must be within the corresponding mip level.",
                "details": "For Level 0 Layer 0 Face 0 zSlice 0 the alphaSliceByteOffset is 0 and the alphaSliceByteLength is 7 but the defined region must fit in the level's byteLength of 6."
            },
            {
                "id": 5004,
                "type": "warning",
                "message": "Non-conformant texture file accepted by libktx.",
                "details": "KTX 2.0 file does not conform to the specification but it is currently accepted by libktx."
            }
        ],
        []
    ],
    "info": {
        "/header/vkFormat": [
            "VK_FORMAT_UNDEFINED",
            "VK_FORMAT_R8G8B8A8_UNORM"
        ],
        "/header/pixelWidth": [
            16,
            8
        ],
        "/header/pixelHeight": [
            16,
            8
        ],
        "/header/levelCount": [
            3,
            1
        ],
        "/header/supercompressionScheme": [
            "KTX_SS_BASIS_LZ",
            "KTX_SS_NONE"
        ],
        "/index/dataFormatDescriptor/byteOffset": [
            152,
            104
        ],
        "/index/dataFormatDescriptor/byteLength": [
            60,
            92
        ],
        "/index/keyValueData/byteOffset": [
            212,
            196
        ],
        "/index/supercompressionGlobalData/byteOffset": [
            256,
            0
        ],
        "/index/supercompressionGlobalData/byteLength": [
            202,
            0
        ],
        "/index/levels/0/byteOffset": [
            464,
            240
        ],
        "/index/levels/0/byteLength": [
            6,
            256
        ],
        "/index/levels/0/uncompressedByteLength": [
            0,
            256
        ],
        "/index/levels/1/byteOffset": [
            460,
            null
        ],
        "/index/levels/1/byteLength": [
            4,
            null
        ],
        "/index/levels/1/uncompressedByteLength": [
            0,
            null
        ],
        "/index/levels/2/byteOffset": [
            458,
            null
        ],
        "/index/levels/2/byteLength": [
            2,
            null
        ],
        "/index/levels/2/uncompressedByteLength": [
            0,
            null
        ],
        "/dataFormatDescriptor/totalSize": [
            60,
            92
        ],
        "/dataFormatDescriptor/blocks/0/descriptorBlockSize": [
            56,
            88
        ],
        "/dataFormatDescriptor/blocks/0/colorModel": [
            "KHR_DF_MODEL_ETC1S",
            "KHR_DF_MODEL_RGBSDA"
        ],
        "/dataFormatDescriptor/blocks/0/texelBlockDimension": [
            [ 3, 3, 0, 0 ],
            [ 0, 0, 0, 0 ]
        ],
        "/dataFormatDescriptor/blocks/0/bytesPlane": [
            [ 0, 0, 0, 0, 0, 0, 0, 0 ],
            [ 4, 0, 0, 0, 0, 0, 0, 0 ]
        ],
        "/dataFormatDescriptor/blocks/0/samples/0/bitLength": [
            63,
            7
        ],
        "/dataFormatDescriptor/blocks/0/samples/0/sampleUpper": [
            4294967295,
            255
        ],
        "/dataFormatDescriptor/blocks/0/samples/1/channelType": [
            "KHR_DF_CHANNEL_ETC1S_AAA",
            "KHR_DF_CHANNEL_RGBSDA_GREEN"
        ],
        "/dataFormatDescriptor/blocks/0/samples/1/bitLength": [
            63,
            7
        ],
        "/dataFormatDescriptor/blocks/0/samples/1/bitOffset": [
            64,
            8
        ],
        "/dataFormatDescriptor/blocks/0/samples/1/sampleUpper": [
            4294967295,
            255
        ],
        "/dataFormatDescriptor/blocks/0/samples/2/qualifiers": [
            null,
            []
        ],
        "/dataFormatDescriptor/blocks/0/samples/2/channelType": [
            null,
            "KHR_DF_CHANNEL_RGBSDA_BLUE"
        ],
        "/dataFormatDescriptor/blocks/0/samples/2/bitLength": [
            null,
            7
        ],
        "/dataFormatDescriptor/blocks/0/samples/2/bitOffset": [
            null,
            16
        ],
        "/dataFormatDescriptor/blocks/0/samples/2/samplePosition": [
            null,
            [ 0, 0, 0, 0 ]
        ],
        "/dataFormatDescriptor/blocks/0/samples/2/sampleLower": [
            null,
            0
        ],
        "/dataFormatDescriptor/blocks/0/samples/2/sampleUpper": [
            null,
            255
        ],
        "/dataFormatDescriptor/blocks/0/samples/3/qualifiers": [
            null,
            []
        ],
        "/dataFormatDescriptor/blocks/0/samples/3/channelType": [
            null,
            "KHR_DF_CHANNEL_RGBSDA_ALPHA"
        ],
        "/dataFormatDescriptor/blocks/0/samples/3/bitLength": [
            null,
            7
        ],
        "/dataFormatDescriptor/blocks/0/samples/3/bitOffset": [
            null,
            24
        ],
        "/dataFormatDescriptor/blocks/0/samples/3/samplePosition": [
            null,
            [ 0, 0, 0, 0 ]
        ],
        "/dataFormatDescriptor/blocks/0/samples/3/sampleLower": [
            null,
            0
        ],
        "/dataFormatDescriptor/blocks/0/samples/3/sampleUpper": [
            null,
            255
        ],
        "/supercompressionGlobalData/type": [
            "KTX_SS_BASIS_LZ",
            "KTX_SS_NONE"
        ],
        "/supercompressionGlobalData/endpointCount": [
            12,
            null
        ],
        "/supercompressionGlobalData/selectorCount": [
            3,
            null
        ],
        "/supercompressionGlobalData/endpointsByteLength": [
            58,
            null
        ],
        "/supercompressionGlobalData/selectorsByteLength": [
            13,
            null
        ],
        "/supercompressionGlobalData/tablesByteLength": [
            51,
            null
        ],
        "/supercompressionGlobalData/extendedByteLength": [
            0,
            null
        ],
        "/supercompressionGlobalData/images/0/imageFlags": [
            [],
            null
        ],
        "/supercompressionGlobalData/images/0/rgbSliceByteLength": [
            3,
            null
        ],
        "/supercompressionGlobalData/images/0/rgbSliceByteOffset": [
            0,
            null
        ],
        "/supercompressionGlobalData/images/0/alphaSliceByteLength": [
            7,
            null
        ],
        "/supercompressionGlobalData/images/0/alphaSliceByteOffset": [
            0,
            null
        ],
        "/supercompressionGlobalData/images/1/imageFlags": [
            [],
            null
        ],
        "/supercompressionGlobalData/images/1/rgbSliceByteLength": [
            2,
            null
        ],
        "/supercompressionGlobalData/images/1/rgbSliceByteOffset": [
            0,
            null
        ],
        "/supercompressionGlobalData/images/1/alphaSliceByteLength": [
            2,
            null
        ],
        "/supercompressionGlobalData/images/1/alphaSliceByteOffset": [
            2,
            null
        ],
        "/supercompressionGlobalData/images/2/imageFlags": [
            [],
            null
        ],
        "/supercompressionGlobalData/images/2/rgbSliceByteLength": [
            1,
            null
        ],
        "/supercompressionGlobalData/images/2/rgbSliceByteOffset": [
            0,
            null
        ],
        "/supercompressionGlobalData/images/2/alphaSliceByteLength": [
            1,
            null
        ],
        "/supercompressionGlobalData/images/2/alphaSliceByteOffset": [
            1,
            null
        ],
        "/supercompressionGlobalData/endpointsData": [],
        "/supercompressionGlobalData/selectorsData": [],
        "/supercompressionGlobalData/tablesData": [],
        "/supercompressionGlobalData/extendedData": []
    }
}
