Overall:
    SSIM Avg R: +0.998481, G: +0.998764, B: +0.998573
    PSNR Max: 44.549076
