ktx create fatal: Cannot encode to BasisLZ and supercompress with ZLIB. See 'ktx create --help'.
