{"$schema":"https://schema.khronos.org/ktx/compare_v0.json","valid":[true,true],"messages":[[],[]],"/header/pixelHeight":[16,12]}