Validation failed

error-7114: Incompatible KTXdxgiFormat__ and VkFormat. If KTXdxgiFormat__ is present vkFormat must be VK_FORMAT_UNDEFINED.
    vkFormat is VK_FORMAT_PVRTC2_4BPP_SRGB_BLOCK_IMG but it must be VK_FORMAT_UNDEFINED if KTXdxgiFormat__ is present.
warning-5004: Non-conformant texture file accepted by libktx.
    KTX 2.0 file does not conform to the specification but it is currently accepted by libktx.

Header

identifier: «KTX 20»\r\n\x1A\n
vkFormat: VK_FORMAT_PVRTC2_4BPP_SRGB_BLOCK_IMG
typeSize: 1
pixelWidth: 16
pixelHeight: 16
pixelDepth: 0
layerCount: 0
faceCount: 1
levelCount: 1
supercompressionScheme: KTX_SS_NONE
dataFormatDescriptor.byteOffset: 0x68
dataFormatDescriptor.byteLength: 44
keyValueData.byteOffset: 0x94
keyValueData.byteLength: 68
supercompressionGlobalData.byteOffset: 0
supercompressionGlobalData.byteLength: 0

Level Index

Level0.byteOffset: 0xd8
Level0.byteLength: 128
Level0.uncompressedByteLength: 128

Data Format Descriptor

DFD total bytes: 44
Vendor ID: KHR_DF_VENDORID_KHRONOS
Descriptor type: KHR_DF_KHR_DESCRIPTORTYPE_BASICFORMAT
Version: KHR_DF_VERSIONNUMBER_1_3
Descriptor block size: 40
Flags: 0x0 (KHR_DF_FLAG_ALPHA_STRAIGHT)
Transfer: KHR_DF_TRANSFER_SRGB
Primaries: KHR_DF_PRIMARIES_BT709
Model: KHR_DF_MODEL_PVRTC2
Dimensions: 4, 4, 1, 1
Plane bytes: 8, 0, 0, 0, 0, 0, 0, 0
Sample 0:
    Qualifiers: 0x0 ()
    Channel Type: 0x0 (KHR_DF_CHANNEL_PVRTC2_COLOR)
    Length: 64 bits Offset: 0
    Position: 0, 0, 0, 0
    Lower: 0x00000000
    Upper: 0xffffffff

Key/Value Data

KTXdxgiFormat__: 42
KTXwriter: Unidentified app / libktx 
