Validation failed

error-6101: Invalid sample channelType for colorModel in the basic DFD block.
    DFD block #1 sample #1 channelType in basic DFD block is (0x1) which is not valid for colorModel KHR_DF_MODEL_ETC1S.
