{
    "$schema": "https://schema.khronos.org/ktx/validate_v0.json",
    "valid": false,
    "messages": [
        {
            "id": 6101,
            "type": "error",
            "message": "Invalid sample channelType for colorModel in the basic DFD block.",
            "details": "DFD block #1 sample #2 channelType in basic DFD block is (0x5) which is not valid for colorModel KHR_DF_MODEL_RGBSDA."
        },
        {
            "id": 6028,
            "type": "error",
            "message": "Invalid sample in basic DFD block. The samples must match the expected samples of the VkFormat.",
            "details": "DFD block #1 sample #2 channelType in basic DFD block is (0x5) but the expected value is KHR_DF_CHANNEL_RGBSDA_GREEN for VK_FORMAT_R8G8B8A8_UNORM."
        }
    ]
}
