{"$schema":"https://schema.khronos.org/ktx/info_v0.json","valid":false,"messages":[{"id":6003,"type":"warning","message":"Unrecognized DFD block.","details":"DFD block #1 vendorId KHR_DF_VENDORID_KHRONOS and descriptorType (0x7FFF) is not recognized and thus ignored."},{"id":6003,"type":"warning","message":"Unrecognized DFD block.","details":"DFD block #2 vendorId (0x00001) and descriptorType (0x7FFF) is not recognized and thus ignored."},{"id":6003,"type":"warning","message":"Unrecognized DFD block.","details":"DFD block #3 vendorId (0x00002) and descriptorType (0x0000) is not recognized and thus ignored."},{"id":6008,"type":"error","message":"Missing basic DFD block.","details":"No basic data format descriptor block is found in the DFD, or it is not the first DFD block."}],"header":{"identifier":"«KTX 20»\r\n\u001A\n","vkFormat":"VK_FORMAT_R8G8B8A8_UNORM","typeSize":1,"pixelWidth":16,"pixelHeight":16,"pixelDepth":0,"layerCount":0,"faceCount":1,"levelCount":1,"supercompressionScheme":"KTX_SS_NONE"},"index":{"dataFormatDescriptor":{"byteOffset":104,"byteLength":76},"keyValueData":{"byteOffset":180,"byteLength":44},"supercompressionGlobalData":{"byteOffset":0,"byteLength":0},"levels":[{"byteOffset":224,"byteLength":1024,"uncompressedByteLength":1024}]},"dataFormatDescriptor":{"totalSize":76,"blocks":[{"vendorId":"KHR_DF_VENDORID_KHRONOS","descriptorType":32767,"versionNumber":"KHR_DF_VERSIONNUMBER_1_1","descriptorBlockSize":40},{"vendorId":1,"descriptorType":32767,"versionNumber":"KHR_DF_VERSIONNUMBER_1_1","descriptorBlockSize":8},{"vendorId":2,"descriptorType":"KHR_DF_KHR_DESCRIPTORTYPE_BASICFORMAT","versionNumber":"KHR_DF_VERSIONNUMBER_1_1","descriptorBlockSize":24}]},"keyValueData":{"KTXwriter":"Unidentified app / libktx "}}