Validation failed

error-4004: Invalid byteOffset in Level Index. byteOffset must match the expected value.
    Level 2 byteOffset is 292 but based on the vkFormat, DFD and image sizes the expected value is 288.
error-4004: Invalid byteOffset in Level Index. byteOffset must match the expected value.
    Level 1 byteOffset is 356 but based on the vkFormat, DFD and image sizes the expected value is 352.
error-4004: Invalid byteOffset in Level Index. byteOffset must match the expected value.
    Level 0 byteOffset is 612 but based on the vkFormat, DFD and image sizes the expected value is 608.
error-7011: Invalid padding byte value. Every padding byte's value must be 0.
    A padding byte value is 1 before image level 2 at offset 289 but it must be 0.

Header

identifier: «KTX 20»\r\n\x1A\n
vkFormat: VK_FORMAT_R8G8B8A8_UNORM
typeSize: 1
pixelWidth: 16
pixelHeight: 16
pixelDepth: 0
layerCount: 0
faceCount: 1
levelCount: 3
supercompressionScheme: KTX_SS_NONE
dataFormatDescriptor.byteOffset: 0x98
dataFormatDescriptor.byteLength: 92
keyValueData.byteOffset: 0xf4
keyValueData.byteLength: 44
supercompressionGlobalData.byteOffset: 0
supercompressionGlobalData.byteLength: 0

Level Index

Level0.byteOffset: 0x264
Level0.byteLength: 1024
Level0.uncompressedByteLength: 1024
Level1.byteOffset: 0x164
Level1.byteLength: 256
Level1.uncompressedByteLength: 256
Level2.byteOffset: 0x124
Level2.byteLength: 64
Level2.uncompressedByteLength: 64

Data Format Descriptor

DFD total bytes: 92
Vendor ID: KHR_DF_VENDORID_KHRONOS
Descriptor type: KHR_DF_KHR_DESCRIPTORTYPE_BASICFORMAT
Version: KHR_DF_VERSIONNUMBER_1_3
Descriptor block size: 88
Flags: 0x0 (KHR_DF_FLAG_ALPHA_STRAIGHT)
Transfer: KHR_DF_TRANSFER_LINEAR
Primaries: KHR_DF_PRIMARIES_BT709
Model: KHR_DF_MODEL_RGBSDA
Dimensions: 1, 1, 1, 1
Plane bytes: 4, 0, 0, 0, 0, 0, 0, 0
Sample 0:
    Qualifiers: 0x0 ()
    Channel Type: 0x0 (KHR_DF_CHANNEL_RGBSDA_RED)
    Length: 8 bits Offset: 0
    Position: 0, 0, 0, 0
    Lower: 0x00000000
    Upper: 0x000000ff
Sample 1:
    Qualifiers: 0x0 ()
    Channel Type: 0x1 (KHR_DF_CHANNEL_RGBSDA_GREEN)
    Length: 8 bits Offset: 8
    Position: 0, 0, 0, 0
    Lower: 0x00000000
    Upper: 0x000000ff
Sample 2:
    Qualifiers: 0x0 ()
    Channel Type: 0x2 (KHR_DF_CHANNEL_RGBSDA_BLUE)
    Length: 8 bits Offset: 16
    Position: 0, 0, 0, 0
    Lower: 0x00000000
    Upper: 0x000000ff
Sample 3:
    Qualifiers: 0x0 ()
    Channel Type: 0xF (KHR_DF_CHANNEL_RGBSDA_ALPHA)
    Length: 8 bits Offset: 24
    Position: 0, 0, 0, 0
    Lower: 0x00000000
    Upper: 0x000000ff

Key/Value Data

KTXwriter: Unidentified app / libktx 
