Validation failed

error-6106: Invalid sample lower for UASTC or BasisLZ/ETC1S texture in the basic DFD block.
    DFD block #1 sample #2 lower in basic DFD block is 4294967295 but for BasisLZ/ETC1S textures it must be 0.
