Validation failed

error-7116: Incompatible KTXmetalPixelFormat and VkFormat. If KTXmetalPixelFormat is present vkFormat must be VK_FORMAT_UNDEFINED.
    vkFormat is VK_FORMAT_B8G8R8A8_SRGB but it must be VK_FORMAT_UNDEFINED if KTXmetalPixelFormat is present.
warning-5004: Non-conformant texture file accepted by libktx.
    KTX 2.0 file does not conform to the specification but it is currently accepted by libktx.
