{"$schema":"https://schema.khronos.org/ktx/compare_v0.json","valid":[true,true],"messages":[[],[]],"image":{"m=0,a=0,f=0":[{"coordinates":[2,0,0],"imageByteOffset":[8,8],"fileByteOffset":[4352,4352],"packed":[["0x0908","0x0314","0x0d0c","0x0f0e"],["0x0908","0x0b0a","0x0d0c","0x0f0e"]],"channels":[[144,49,208,240],[144,176,208,240]]}],"m=0,a=0,f=3":[{"coordinates":[2,0,0],"imageByteOffset":[8,8],"fileByteOffset":[7424,7424],"packed":[["0x0908","0x0b0a","0x0d0c","0x0f0e"],["0x0908","0x8420","0x0d0c","0x0f0e"]],"channels":[[144,176,208,240],[144,2114,208,240]]}],"m=0,a=0,f=4":[{"coordinates":[0,0,0],"imageByteOffset":[0,0],"fileByteOffset":[8440,8440],"packed":[["0x0100","0x0302","0x0504","0x0706"],["0x0100","0xffff","0x0504","0x0706"]],"channels":[[16,48,80,112],[16,4095,80,112]]}],"m=0,a=1,f=0":[{"coordinates":[0,0,0],"imageByteOffset":[0,0],"fileByteOffset":[10488,10488],"packed":[["0x0100","0x0302","0x0504","0x0706"],["0xc000","0x0302","0x0504","0x0706"]],"channels":[[16,48,80,112],[3072,48,80,112]]}],"m=0,a=1,f=3":[{"coordinates":[4,0,0],"imageByteOffset":[16,16],"fileByteOffset":[13576,13576],"packed":[["0x1110","0x1312","0x4000","0x1716"],["0x1110","0x1312","0x1514","0x1716"]],"channels":[[273,305,1024,369],[273,305,337,369]]}],"m=1,a=1,f=5":[{"coordinates":[0,0,0],"imageByteOffset":[0,0],"fileByteOffset":[4088,4088],"packed":[["0xc000","0x0302","0xffff","0x0706"],["0x0100","0x0314","0x0504","0x0706"]],"channels":[[3072,48,4095,112],[16,49,80,112]]}],"m=2,a=0,f=4":[{"coordinates":[0,0,0],"imageByteOffset":[0,0],"fileByteOffset":[760,760],"packed":[["0x0100","0x8420","0x0504","0x0706"],["0x4000","0x0302","0x0504","0x0706"]],"channels":[[16,2114,80,112],[1024,48,80,112]]}]}}