{
    "$schema": "https://schema.khronos.org/ktx/compare_v0.json",
    "valid": [
        true,
        true
    ],
    "messages": [
        [],
        []
    ],
    "image": {
        "m=0,a=0,f=0": [
            {
                "coordinates": [ 2, 0, 0 ],
                "imageByteOffset": [ 8, 8 ],
                "fileByteOffset": [ 4320, 4320 ],
                "packed": [
                    [ "0x0908", "0x0314" ],
                    [ "0x0908", "0x0b0a" ]
                ],
                "channels": [
                    [ 36, 12 ],
                    [ 36, 44 ]
                ]
            }
        ],
        "m=0,a=0,f=3": [
            {
                "coordinates": [ 2, 0, 0 ],
                "imageByteOffset": [ 8, 8 ],
                "fileByteOffset": [ 7392, 7392 ],
                "packed": [
                    [ "0x0908", "0x0b0a" ],
                    [ "0x0908", "0x8420" ]
                ],
                "channels": [
                    [ 36, 44 ],
                    [ 36, 528 ]
                ]
            }
        ],
        "m=0,a=0,f=4": [
            {
                "coordinates": [ 0, 0, 0 ],
                "imageByteOffset": [ 0, 0 ],
                "fileByteOffset": [ 8408, 8408 ],
                "packed": [
                    [ "0x0100", "0x0302" ],
                    [ "0x0100", "0xffff" ]
                ],
                "channels": [
                    [ 4, 12 ],
                    [ 4, 1023 ]
                ]
            }
        ],
        "m=0,a=1,f=0": [
            {
                "coordinates": [ 0, 0, 0 ],
                "imageByteOffset": [ 0, 0 ],
                "fileByteOffset": [ 10456, 10456 ],
                "packed": [
                    [ "0x0100", "0x0302" ],
                    [ "0xc000", "0x0302" ]
                ],
                "channels": [
                    [ 4, 12 ],
                    [ 768, 12 ]
                ]
            }
        ],
        "m=0,a=1,f=3": [
            {
                "coordinates": [ 5, 0, 0 ],
                "imageByteOffset": [ 20, 20 ],
                "fileByteOffset": [ 13548, 13548 ],
                "packed": [
                    [ "0x4000", "0x1716" ],
                    [ "0x1514", "0x1716" ]
                ],
                "channels": [
                    [ 256, 92 ],
                    [ 84, 92 ]
                ]
            }
        ],
        "m=1,a=1,f=5": [
            {
                "coordinates": [ 0, 0, 0 ],
                "imageByteOffset": [ 0, 0 ],
                "fileByteOffset": [ 4056, 4056 ],
                "packed": [
                    [ "0xc000", "0x0302" ],
                    [ "0x0100", "0x0314" ]
                ],
                "channels": [
                    [ 768, 12 ],
                    [ 4, 12 ]
                ]
            }, 
            {
                "coordinates": [ 1, 0, 0 ],
                "imageByteOffset": [ 4, 4 ],
                "fileByteOffset": [ 4060, 4060 ],
                "packed": [
                    [ "0xffff", "0x0706" ],
                    [ "0x0504", "0x0706" ]
                ],
                "channels": [
                    [ 1023, 28 ],
                    [ 20, 28 ]
                ]
            }
        ],
        "m=2,a=0,f=4": [
            {
                "coordinates": [ 0, 0, 0 ],
                "imageByteOffset": [ 0, 0 ],
                "fileByteOffset": [ 728, 728 ],
                "packed": [
                    [ "0x0100", "0x8420" ],
                    [ "0x4000", "0x0302" ]
                ],
                "channels": [
                    [ 4, 528 ],
                    [ 256, 12 ]
                ]
            }
        ]
    }
}
