{"$schema":"https://schema.khronos.org/ktx/compare_v0.json","valid":[true,true],"messages":[[],[]],"image":{"m=0,a=0,f=0":[{"coordinates":[0,0,0],"imageByteOffset":[0,0],"fileByteOffset":[360,360],"packed":[["0x0100","0x0302","0x0504","0x0706"],["0x0100","0xffff","0x0504","0x0706"]],"channels":[[16,48,80,112],[16,4095,80,112]]},{"coordinates":[2,0,0],"imageByteOffset":[16,16],"fileByteOffset":[376,376],"packed":[["0x1110","0x1312","0x4000","0x1716"],["0xc000","0x1312","0x1514","0x1716"]],"channels":[[273,305,1024,369],[3072,305,337,369]]},{"coordinates":[3,0,0],"imageByteOffset":[24,24],"fileByteOffset":[384,384],"packed":[["0xc000","0x1b1a","0x1d1c","0x1f1e"],["0x1918","0x1b1a","0x1d1c","0x1f1e"]],"channels":[[3072,433,465,497],[401,433,465,497]]},{"coordinates":[1,1,0],"imageByteOffset":[40,40],"fileByteOffset":[400,400],"packed":[["0x2928","0x2b2a","0x2d2c","0x2f2e"],["0x8420","0x2b2a","0x2d2c","0x2f2e"]],"channels":[[658,690,722,754],[2114,690,722,754]]},{"coordinates":[2,2,0],"imageByteOffset":[80,80],"fileByteOffset":[440,440],"packed":[["0x0314","0x5352","0x5554","0x5756"],["0x5150","0x5352","0x5554","0x5756"]],"channels":[[49,1333,1365,1397],[1301,1333,1365,1397]]}],"m=1,a=0,f=0":[{"coordinates":[0,0,0],"imageByteOffset":[0,0],"fileByteOffset":[296,296],"packed":[["0x0100","0x8420","0xffff","0x0706"],["0x4000","0x0302","0x0504","0x0314"]],"channels":[[16,2114,4095,112],[1024,48,80,49]]}]}}