{
    "$schema": "https://schema.khronos.org/ktx/compare_v0.json",
    "valid": [
        true,
        true
    ],
    "messages": [
        [],
        []
    ],
    "image": {
        "m=0,a=0,f=0": [
            {
                "coordinates": [ 0, 0, 0 ],
                "imageByteOffset": [ 0, 0 ],
                "fileByteOffset": [ 336, 336 ],
                "packed": [
                    [ "0x0100", "0x0302", "0x0504" ],
                    [ "0x0100", "0x7e00", "0x0504" ]
                ],
                "channels": [
                    [ 1.5258789e-05, 4.5895576e-05, 7.6532364e-05 ],
                    [ 1.5258789e-05, "nan", 7.6532364e-05 ]
                ]
            }, 
            {
                "coordinates": [ 2, 0, 0 ],
                "imageByteOffset": [ 12, 12 ],
                "fileByteOffset": [ 348, 348 ],
                "packed": [
                    [ "0x0d0c", "0x0f0e", "0x1110" ],
                    [ "0x0d0c", "0x0f0e", "0xfc00" ]
                ],
                "channels": [
                    [ 0.0003080368, 0.00043058395, 0.00061798096 ],
                    [ 0.0003080368, 0.00043058395, "-inf" ]
                ]
            }, 
            {
                "coordinates": [ 3, 0, 0 ],
                "imageByteOffset": [ 18, 18 ],
                "fileByteOffset": [ 354, 354 ],
                "packed": [
                    [ "0x1312", "0x7c00", "0x1716" ],
                    [ "0x1312", "0x1514", "0x1716" ]
                ],
                "channels": [
                    [ 0.00086307526, "+inf", 0.0017299652 ],
                    [ 0.00086307526, 0.0012397766, 0.0017299652 ]
                ]
            }, 
            {
                "coordinates": [ 0, 1, 0 ],
                "imageByteOffset": [ 24, 24 ],
                "fileByteOffset": [ 360, 360 ],
                "packed": [
                    [ "0xfc00", "0x1b1a", "0x1d1c" ],
                    [ "0x1918", "0x1b1a", "0x1d1c" ]
                ],
                "channels": [
                    [ "-inf", 0.0034675598, 0.004989624 ],
                    [ 0.0024871826, 0.0034675598, 0.004989624 ]
                ]
            }, 
            {
                "coordinates": [ 2, 1, 0 ],
                "imageByteOffset": [ 36, 36 ],
                "fileByteOffset": [ 372, 372 ],
                "packed": [
                    [ "0x2524", "0x2726", "0x2928" ],
                    [ "0x2524", "0x2726", "0xc433" ]
                ],
                "channels": [
                    [ 0.020080566, 0.027923584, 0.040283203 ],
                    [ 0.020080566, 0.027923584, -4.1992188 ]
                ]
            }, 
            {
                "coordinates": [ 1, 3, 0 ],
                "imageByteOffset": [ 78, 78 ],
                "fileByteOffset": [ 414, 414 ],
                "packed": [
                    [ "0x4f4e", "0x4248", "0x5352" ],
                    [ "0x4f4e", "0x5150", "0x5352" ]
                ],
                "channels": [
                    [ 29.21875, 3.140625, 58.5625 ],
                    [ 29.21875, 42.5, 58.5625 ]
                ]
            }
        ],
        "m=1,a=0,f=0": [
            {
                "coordinates": [ 0, 0, 0 ],
                "imageByteOffset": [ 0, 0 ],
                "fileByteOffset": [ 288, 288 ],
                "packed": [
                    [ "0x0100", "0xc433", "0x7e00" ],
                    [ "0x7c00", "0x0302", "0x0504" ]
                ],
                "channels": [
                    [ 1.5258789e-05, -4.1992188, "nan" ],
                    [ "+inf", 4.5895576e-05, 7.6532364e-05 ]
                ]
            }, 
            {
                "coordinates": [ 1, 0, 0 ],
                "imageByteOffset": [ 6, 6 ],
                "fileByteOffset": [ 294, 294 ],
                "packed": [
                    [ "0x0706", "0x0908", "0x0b0a" ],
                    [ "0x4248", "0x0908", "0x0b0a" ]
                ],
                "channels": [
                    [ 0.00010716915, 0.00015354156, 0.00021481514 ],
                    [ 3.140625, 0.00015354156, 0.00021481514 ]
                ]
            }
        ]
    }
}
