{
    "$schema": "https://schema.khronos.org/ktx/validate_v0.json",
    "valid": false,
    "messages": [
        {
            "id": 6004,
            "type": "error",
            "message": "Invalid DFD data. Not enough data left to process another DFD block header.",
            "details": "DFD has 4 byte(s) unprocessed but for a valid DFD at least 8 bytes are required."
        },
        {
            "id": 5004,
            "type": "warning",
            "message": "Non-conformant texture file accepted by libktx.",
            "details": "KTX 2.0 file does not conform to the specification but it is currently accepted by libktx."
        }
    ]
}
