Validation successful

Header

identifier: «KTX 20»\r\n\x1A\n
vkFormat: VK_FORMAT_UNDEFINED
typeSize: 1
pixelWidth: 16
pixelHeight: 16
pixelDepth: 0
layerCount: 0
faceCount: 1
levelCount: 4
supercompressionScheme: KTX_SS_BASIS_LZ
dataFormatDescriptor.byteOffset: 0xb0
dataFormatDescriptor.byteLength: 60
keyValueData.byteOffset: 0xec
keyValueData.byteLength: 44
supercompressionGlobalData.byteOffset: 0x118
supercompressionGlobalData.byteLength: 235

Level Index

Level0.byteOffset: 0x20b
Level0.byteLength: 6
Level0.uncompressedByteLength: 0
Level1.byteOffset: 0x207
Level1.byteLength: 4
Level1.uncompressedByteLength: 0
Level2.byteOffset: 0x205
Level2.byteLength: 2
Level2.uncompressedByteLength: 0
Level3.byteOffset: 0x203
Level3.byteLength: 2
Level3.uncompressedByteLength: 0

Data Format Descriptor

DFD total bytes: 60
Vendor ID: KHR_DF_VENDORID_KHRONOS
Descriptor type: KHR_DF_KHR_DESCRIPTORTYPE_BASICFORMAT
Version: KHR_DF_VERSIONNUMBER_1_3
Descriptor block size: 56
Flags: 0x0 (KHR_DF_FLAG_ALPHA_STRAIGHT)
Transfer: KHR_DF_TRANSFER_LINEAR
Primaries: KHR_DF_PRIMARIES_UNSPECIFIED
Model: KHR_DF_MODEL_ETC1S
Dimensions: 4, 4, 1, 1
Plane bytes: 0, 0, 0, 0, 0, 0, 0, 0
Sample 0:
    Qualifiers: 0x0 ()
    Channel Type: 0x0 (KHR_DF_CHANNEL_ETC1S_RGB)
    Length: 64 bits Offset: 0
    Position: 0, 0, 0, 0
    Lower: 0x00000000
    Upper: 0xffffffff
Sample 1:
    Qualifiers: 0x0 ()
    Channel Type: 0xF (KHR_DF_CHANNEL_ETC1S_AAA)
    Length: 64 bits Offset: 64
    Position: 0, 0, 0, 0
    Lower: 0x00000000
    Upper: 0xffffffff

Key/Value Data

KTXwriter: Unidentified app / libktx 

Basis Supercompression Global Data

endpointCount: 14
selectorCount: 5
endpointsByteLength: 62
selectorsByteLength: 21
tablesByteLength: 52
extendedByteLength: 0

imageFlags: 0
rgbSliceByteLength: 3
rgbSliceByteOffset: 0
alphaSliceByteLength: 3
alphaSliceByteOffset: 0x3

imageFlags: 0
rgbSliceByteLength: 2
rgbSliceByteOffset: 0
alphaSliceByteLength: 2
alphaSliceByteOffset: 0x2

imageFlags: 0
rgbSliceByteLength: 1
rgbSliceByteOffset: 0
alphaSliceByteLength: 1
alphaSliceByteOffset: 0x1

imageFlags: 0
rgbSliceByteLength: 1
rgbSliceByteOffset: 0
alphaSliceByteLength: 1
alphaSliceByteOffset: 0x1
