{"$schema":"https://schema.khronos.org/ktx/compare_v0.json","valid":[true,true],"messages":[[],[]],"info":{"/keyValueData/KTXorientation":[null,"rd"],"/keyValueData/KTXswizzle":["rgba","bgra"]}}