{
    "$schema": "https://schema.khronos.org/ktx/validate_v0.json",
    "valid": false,
    "messages": [
        {
            "id": 6007,
            "type": "error",
            "message": "DFD block descriptorBlockSize is too big.",
            "details": "DFD block #2 descriptorBlockSize is 5008 but only 8 byte(s) left in the DFD."
        }
    ]
}
