Validation failed

error-6007: DFD block descriptorBlockSize is too big.
    DFD block #2 descriptorBlockSize is 18 but only 16 bytes left in the DFD.
