{"$schema":"https://schema.khronos.org/ktx/validate_v0.json","valid":false,"messages":[{"id":4004,"type":"error","message":"Invalid byteOffset in Level Index. byteOffset must match the expected value.","details":"Level 0 byteOffset is 236 but based on the vkFormat, DFD and image sizes the expected value is 240."}]}